Microsoft Windows [Version 10.0.26200.8737]
(c) Microsoft Corporation. All rights reserved.

D:\campusbuddy>